// Jest Snapshot v1, https://goo.gl/fbAQLP

exports[`AlertModal renders correctly 1`] = `null`;
