// Jest Snapshot v1, https://goo.gl/fbAQLP

exports[`ArticleViewer renders correctly 1`] = `null`;
