// Jest Snapshot v1, https://goo.gl/fbAQLP

exports[`CollectionForm renders correctly 1`] = `null`;
