// Jest Snapshot v1, https://goo.gl/fbAQLP

exports[`ProfileForm renders correctly 1`] = `null`;
