// Jest Snapshot v1, https://goo.gl/fbAQLP

exports[`Thread renders correctly 1`] = `
<div
  className="outline"
>
  <div
    style={
      Object {
        "alignItems": "flex-start",
        "alignSelf": "flex-start",
        "display": "flex",
        "flexDirection": "column",
        "justifyContent": "flex-start",
        "padding": "10px",
        "width": "100%",
      }
    }
  >
    <p
      className="thread-title"
    >
      Sourcing of PMID: 013091283
    </p>
    <p
      className="thread-text"
    >
      <i
        className=" far fa-user"
      />
        The Creator
    </p>
    <p
      className="thread-text"
    >
      I found the source material for the basis of this  ...
    </p>
    <span
      style={
        Object {
          "alignItems": "flex-start",
          "display": "flex",
          "flexDirection": "column",
          "justifyContent": "flex-start",
          "padding": "20px",
        }
      }
    >
      <div>
        <p
          className="thread-text"
        >
          2 comments
        </p>
        <div
          className="comment"
        >
          <p
            className="comment-title"
          >
            Jeff - 
          </p>
          <p
            className="comment-text"
          >
            This article seems to lack source material for the conclusions drawn in the discussion.
          </p>
        </div>
        <div
          className="comment"
        >
          <p
            className="comment-title"
          >
            mark - 
          </p>
          <p
            className="comment-text"
          >
            Does anyone else find figure 5 really confusing?
          </p>
        </div>
      </div>
      <div
        className="collapse"
        style={Object {}}
      >
        <div
          style={
            Object {
              "marginTop": "25px",
            }
          }
        >
          <p
            style={
              Object {
                "color": "black",
                "margin": "5px 20px",
              }
            }
          >
            Have something to say about this thread? Add a comment to join the discussion.
          </p>
          <textarea
            className="form-control"
            onChange={[Function]}
            placeholder="Your comment here"
            style={
              Object {
                "borderRadius": "6px",
                "margin": "15px auto",
                "padding": "8px",
                "width": "95%",
              }
            }
          />
          <div
            style={
              Object {
                "alignItems": "center",
                "alignSelf": "flex-end",
                "display": "flex",
                "flexDirection": "row",
                "justifyContent": "center",
              }
            }
          >
            <button
              aria-label={null}
              className="add article-button btn btn-secondary btn-sm"
              onClick={[Function]}
              type="button"
            >
              post comment
            </button>
            <button
              aria-label={null}
              className="back article-button btn btn-secondary btn-sm"
              onClick={[Function]}
              type="button"
            >
              cancel
            </button>
          </div>
        </div>
      </div>
      <div
        className="fade"
        style={
          Object {
            "alignSelf": "flex-end",
          }
        }
      >
        <button
          aria-label={null}
          className="view article-button btn btn-secondary btn-sm"
          disabled={false}
          onClick={[Function]}
          type="button"
        >
          comment
        </button>
      </div>
    </span>
  </div>
</div>
`;
