// Jest Snapshot v1, https://goo.gl/fbAQLP

exports[`ThreadForm renders correctly 1`] = `null`;
