// Jest Snapshot v1, https://goo.gl/fbAQLP

exports[`renders correctly 1`] = `
Array [
  <div
    className="fixed-top navigator"
    style={
      Object {
        "alignItems": "center",
        "display": "flex",
        "flexDirection": "row",
        "justifyContent": "space-around",
        "padding": "10px",
      }
    }
  >
    <div
      className="row"
    >
      <a
        className="nav-link"
        href="/"
        id="logo"
        onClick={[Function]}
      >
        PubMed
      </a>
    </div>
    <div
      className="row links-holder"
    >
      <a
        className="nav-link"
        href="/about"
        onClick={[Function]}
        style={
          Object {
            "fontSize": "22px",
          }
        }
      >
        About
      </a>
      <a
        className="nav-link"
        href="/search"
        onClick={[Function]}
        style={
          Object {
            "fontSize": "22px",
          }
        }
      >
        Search
      </a>
      <a
        className="nav-link"
        href="/collections"
        onClick={[Function]}
        style={
          Object {
            "fontSize": "22px",
          }
        }
      >
        Collections
      </a>
      <a
        className="nav-link"
        href="/profile"
        onClick={[Function]}
        style={
          Object {
            "fontSize": "22px",
          }
        }
      >
        <i
          className="far fa-user"
        />
      </a>
    </div>
  </div>,
  <div
    id="App"
  >
    <div>
      <div
        className="page"
      >
        <div
          className="col glass"
        >
          <h2
            className="title"
          >
            PubMed Central
          </h2>
          <h4
            className="subtitle"
          >
            making research accessible
          </h4>
        </div>
        <div
          className="row no-gutters row-eq-height"
        >
          <div
            className="col col-12 col-md-8"
          >
            <div
              className="glass"
              style={
                Object {
                  "height": "100%",
                  "margin": "0px 0px 0px 4px ",
                }
              }
            >
              <h4
                className="subtitle"
                style={
                  Object {
                    "alignSelf": "flex-start",
                    "margin": "10px",
                  }
                }
              >
                About PMC
              </h4>
              <p
                className="text"
                style={
                  Object {
                    "alignSelf": "flex-start",
                  }
                }
              >
                PubMed Central (PMC) is a free digital repository that archives 
  publicly accessible full-text scholarly articles that have been published within the 
  biomedical and life sciences journal literature. As one of the major research 
  databases within the suite of resources that have been developed by the National 
  Center for Biotechnology Information (NCBI), PubMed Central is much more than just 
  a document repository. Launched in February 2000, the repository has grown rapidly 
  as the NIH Public Access Policy is designed to make all research funded by the 
  National Institutes of Health (NIH) freely accessible to anyone, and, in addition, 
  many publishers are working cooperatively with the NIH to provide free access to 
  their works.
              </p>
              <button
                aria-label={null}
                className="block-button btn btn-secondary btn-sm"
                onClick={[Function]}
              >
                read more
              </button>
            </div>
          </div>
          <div
            className="col col-12 col-md-4"
          >
            <div
              className="glass"
              style={
                Object {
                  "height": "100%",
                  "margin": "0px 0px 0px 4px ",
                }
              }
            >
              <h4
                className="subtitle"
                style={
                  Object {
                    "alignSelf": "flex-start",
                    "margin": "10px",
                  }
                }
              >
                Resources
              </h4>
              <p
                className="text"
                style={
                  Object {
                    "alignSelf": "flex-start",
                  }
                }
              >
                abstracts &gt; 34 million
              </p>
              <p
                className="text"
                style={
                  Object {
                    "alignSelf": "flex-start",
                  }
                }
              >
                full text articles &gt; 5 million
              </p>
              <p
                className="text"
                style={
                  Object {
                    "alignSelf": "flex-start",
                  }
                }
              >
                patents &gt; 4 million
              </p>
              <p
                className="text"
                style={
                  Object {
                    "alignSelf": "flex-start",
                  }
                }
              >
                preprints &gt; 74,000
              </p>
              <p
                className="text"
                style={
                  Object {
                    "alignSelf": "flex-start",
                  }
                }
              >
                agricola records &gt; 700,000
              </p>
              <p
                className="text"
                style={
                  Object {
                    "alignSelf": "flex-start",
                  }
                }
              >
                NIH clinical guidelines &gt; 800
              </p>
              <button
                aria-label={null}
                className="block-button btn btn-secondary btn-sm"
                onClick={[Function]}
              >
                find a resource
              </button>
            </div>
          </div>
        </div>
        <div
          className="row no-gutters row-eq-height"
        >
          <div
            className="col-12 col-md-4"
          >
            <div
              className="glass"
              style={
                Object {
                  "height": "100%",
                  "margin": "0px 0px 0px 4px ",
                }
              }
            >
              <h4
                className="subtitle"
                style={
                  Object {
                    "alignSelf": "flex-start",
                    "margin": "10px",
                  }
                }
              >
                Journals
              </h4>
              <p
                className="text"
                style={
                  Object {
                    "alignSelf": "flex-start",
                  }
                }
              >
                Nature
              </p>
              <p
                className="text"
                style={
                  Object {
                    "alignSelf": "flex-start",
                  }
                }
              >
                Science
              </p>
              <p
                className="text"
                style={
                  Object {
                    "alignSelf": "flex-start",
                  }
                }
              >
                Cardiology and Therapy
              </p>
              <p
                className="text"
                style={
                  Object {
                    "alignSelf": "flex-start",
                  }
                }
              >
                Anatomy and Cell Biology
              </p>
              <p
                className="text"
                style={
                  Object {
                    "alignSelf": "flex-start",
                  }
                }
              >
                Journal of Applied Physics
              </p>
              <p
                className="text"
                style={
                  Object {
                    "alignSelf": "flex-start",
                  }
                }
              >
                PLoS Genetics
              </p>
              <p
                className="text"
                style={
                  Object {
                    "alignSelf": "flex-start",
                  }
                }
              >
                Frontiers in Chemistry
              </p>
              <button
                aria-label={null}
                className="block-button btn btn-secondary btn-sm"
                onClick={[Function]}
              >
                search literature
              </button>
            </div>
          </div>
          <div
            className="col-12 col-md-8"
          >
            <div
              className="glass"
              style={
                Object {
                  "height": "100%",
                  "margin": "0px 0px 0px 4px ",
                }
              }
            >
              <h4
                className="subtitle"
                style={
                  Object {
                    "alignSelf": "flex-start",
                    "margin": "10px",
                  }
                }
              >
                New Publications
              </h4>
              <button
                aria-label={null}
                className="block-button btn btn-secondary btn-sm"
                onClick={[Function]}
              >
                more articles
              </button>
            </div>
          </div>
        </div>
      </div>
    </div>
  </div>,
]
`;
